[
  {
    "operation": "start",
    "data": {
      "parameters": {
        "foo": "bar"
      }
    },
    "output": [
      {
        "UpdateSyncStatus": {
          "status": {
            "connected": false,
            "connecting": true,
            "priority_status": [],
            "downloading": null,
            "streams": []
          }
        }
      },
      {
        "EstablishSyncStream": {
          "request": {
            "buckets": [],
            "include_checksum": true,
            "raw_data": true,
            "binary_data": true,
            "client_id": "test-test-test-test",
            "parameters": {
              "foo": "bar"
            },
            "streams": {
              "include_defaults": true,
              "subscriptions": []
            }
          }
        }
      }
    ]
  }
]